// Jest Snapshot v1, https://goo.gl/fbAQLP

exports[`/status Response matches snapshot 1`] = `
Object {
  "message": "ok",
  "status": 200,
}
`;
