// Jest Snapshot v1, https://goo.gl/fbAQLP

exports[`/accessToken/get 400 (Redis disabled) returns correct response 1`] = `"{\\"status\\":400}"`;
