// Jest Snapshot v1, https://goo.gl/fbAQLP

exports[`/accessToken/refresh (Redis enabled) returns correct response 1`] = `"{\\"status\\":200,\\"message\\":\\"Access token refreshed successfully\\"}"`;
