// Jest Snapshot v1, https://goo.gl/fbAQLP

exports[`/accessToken/refresh (Redis disabled) returns correct response 1`] = `"{\\"status\\":200,\\"message\\":\\"Access token not refreshed (Redis disabled)\\"}"`;
